[helgastoree.xyz/index.html]
[backblue.gif]
[fade.gif]
[index.html]
[helgastoree.xyz/css/bootstrap.css]
[helgastoree.xyz/css/fontawesome-all.css]
[helgastoree.xyz/css/swiper.css]
[helgastoree.xyz/css/magnific-popup.css]
[helgastoree.xyz/css/styles.css]
[helgastoree.xyz/images/favicon.jpg]
[helgastoree.xyz/images/logo.png]
[helgastoree.xyz/terms-conditions.html]
[helgastoree.xyz/images/header-software-app.png]
[helgastoree.xyz/images/description-1.png]
[helgastoree.xyz/images/description-2.png]
[helgastoree.xyz/images/description-3.png]
[helgastoree.xyz/images/description-5.png]
[helgastoree.xyz/images/features-1.png]
[helgastoree.xyz/images/gopay.png]
[helgastoree.xyz/images/dana.png]
[helgastoree.xyz/images/bri.png]
[helgastoree.xyz/images/shopeepay.png]
[helgastoree.xyz/images/ovo.png]
[helgastoree.xyz/images/jagoo.png]
[helgastoree.xyz/images/qriss.png]
[helgastoree.xyz/images/youtube.png]
[helgastoree.xyz/images/testimonial-2.jpg]
[helgastoree.xyz/index-2.html]
[helgastoree.xyz/js/jquery.min.js]
[helgastoree.xyz/js/popper.min.js]
[helgastoree.xyz/js/bootstrap.min.js]
[helgastoree.xyz/js/jquery.easing.min.js]
[helgastoree.xyz/js/swiper.min.js]
[helgastoree.xyz/js/jquery.magnific-popup.js]
[helgastoree.xyz/js/validator.min.js]
[helgastoree.xyz/js/scripts.js]
[helgastoree.xyz/index.html]
[helgastoree.xyz/css/bootstrap.css]
[helgastoree.xyz/webfonts/fa-brands-400.eot]
[helgastoree.xyz/webfonts/fa-brands-400.woff]
[helgastoree.xyz/webfonts/fa-brands-400.ttf]
[helgastoree.xyz/webfonts/fa-brands-400.svg]
[helgastoree.xyz/webfonts/fa-regular-400.eot]
[helgastoree.xyz/webfonts/fa-regular-400.woff]
[helgastoree.xyz/webfonts/fa-regular-400.ttf]
[helgastoree.xyz/webfonts/fa-regular-400.svg]
[helgastoree.xyz/webfonts/fa-solid-900.woff]
[helgastoree.xyz/webfonts/fa-solid-900.eot]
[helgastoree.xyz/webfonts/fa-solid-900.ttf]
[helgastoree.xyz/css/fontawesome-all.css]
[helgastoree.xyz/css/swiper.css]
[helgastoree.xyz/css/magnific-popup.css]
[helgastoree.xyz/images/down-arrow.png]
[helgastoree.xyz/webfonts/fa-solid-900.svg]
[helgastoree.xyz/images/up-arrow.png]
[helgastoree.xyz/css/styles.css]
[helgastoree.xyz/terms-conditions.html]
[helgastoree.xyz/index-2.html]
[helgastoree.xyz/js/jquery.min.html]
[helgastoree.xyz/js/popper.min.html]
[helgastoree.xyz/js/bootstrap.min.html]
[helgastoree.xyz/js/jquery.easing.min.html]
[helgastoree.xyz/js/swiper.min.html]
[helgastoree.xyz/js/jquery.magnific-popup.html]
[helgastoree.xyz/js/validator.min.html]
[helgastoree.xyz/js/scripts.html]
[helgastoree.xyz/webfonts/fa-brands-400.svg]
[helgastoree.xyz/webfonts/fa-regular-400.svg]
[helgastoree.xyz/webfonts/fa-solid-900.svg]
[helgastoree.xyz/images/down-arrow.html]
